------------------------------------------------------------
TimeQuest Timing Analyzer Summary
------------------------------------------------------------

Type  : Slow 1200mV 85C Model Setup 'MIPS:CPU|OpSave.add'
Slack : -121.992
TNS   : -5817.669

Type  : Slow 1200mV 85C Model Setup 'PLL1|altpll_component|auto_generated|pll1|clk[0]'
Slack : -7.617
TNS   : -220.047

Type  : Slow 1200mV 85C Model Hold 'PLL1|altpll_component|auto_generated|pll1|clk[0]'
Slack : 0.408
TNS   : 0.000

Type  : Slow 1200mV 85C Model Hold 'MIPS:CPU|OpSave.add'
Slack : 1.979
TNS   : 0.000

Type  : Slow 1200mV 85C Model Minimum Pulse Width 'MIPS:CPU|OpSave.add'
Slack : 0.409
TNS   : 0.000

Type  : Slow 1200mV 85C Model Minimum Pulse Width 'CLK'
Slack : 9.891
TNS   : 0.000

Type  : Slow 1200mV 85C Model Minimum Pulse Width 'PLL1|altpll_component|auto_generated|pll1|clk[0]'
Slack : 499.696
TNS   : 0.000

Type  : Slow 1200mV 0C Model Setup 'MIPS:CPU|OpSave.add'
Slack : -110.255
TNS   : -5261.030

Type  : Slow 1200mV 0C Model Setup 'PLL1|altpll_component|auto_generated|pll1|clk[0]'
Slack : -6.698
TNS   : -191.160

Type  : Slow 1200mV 0C Model Hold 'PLL1|altpll_component|auto_generated|pll1|clk[0]'
Slack : 0.365
TNS   : 0.000

Type  : Slow 1200mV 0C Model Hold 'MIPS:CPU|OpSave.add'
Slack : 2.047
TNS   : 0.000

Type  : Slow 1200mV 0C Model Minimum Pulse Width 'MIPS:CPU|OpSave.add'
Slack : 0.324
TNS   : 0.000

Type  : Slow 1200mV 0C Model Minimum Pulse Width 'CLK'
Slack : 9.887
TNS   : 0.000

Type  : Slow 1200mV 0C Model Minimum Pulse Width 'PLL1|altpll_component|auto_generated|pll1|clk[0]'
Slack : 499.686
TNS   : 0.000

Type  : Fast 1200mV 0C Model Setup 'MIPS:CPU|OpSave.add'
Slack : -59.405
TNS   : -2817.777

Type  : Fast 1200mV 0C Model Setup 'PLL1|altpll_component|auto_generated|pll1|clk[0]'
Slack : -3.602
TNS   : -102.248

Type  : Fast 1200mV 0C Model Hold 'PLL1|altpll_component|auto_generated|pll1|clk[0]'
Slack : 0.188
TNS   : 0.000

Type  : Fast 1200mV 0C Model Hold 'MIPS:CPU|OpSave.add'
Slack : 0.713
TNS   : 0.000

Type  : Fast 1200mV 0C Model Minimum Pulse Width 'MIPS:CPU|OpSave.add'
Slack : 0.350
TNS   : 0.000

Type  : Fast 1200mV 0C Model Minimum Pulse Width 'CLK'
Slack : 9.574
TNS   : 0.000

Type  : Fast 1200mV 0C Model Minimum Pulse Width 'PLL1|altpll_component|auto_generated|pll1|clk[0]'
Slack : 499.750
TNS   : 0.000

------------------------------------------------------------
